################################################################################
# Run with a directory                                                         #
################################################################################

./baseline no-tests/
no-tests/                                                     [ NOT EXECUTABLE ]
Skipped: 1
Status code: 0

